[2026-04-09 12:34:02] laravel.EMERGENCY: Unable to create configured logger. Using emergency logger. {"exception":"[object] (ErrorException(code: 0): include(C:\\Voedselbank-Maaskantje\\example-app\\vendor\\composer/../laravel/framework/src/Illuminate/Contracts/Log/ContextLogProcessor.php): Failed to open stream: No such file or directory at C:/Voedselbank-Maaskantje/example-app/vendor/composer/ClassLoader.php:576)
[stacktrace]
#0 C:/Voedselbank-Maaskantje/example-app/vendor/laravel/framework/src/Illuminate/Foundation/Bootstrap/HandleExceptions.php(258): Illuminate/Foundation/Bootstrap/HandleExceptions->handleError(2, 'include(C://Voed...', 'C://Voedselbank-...', 576)
#1 C:/Voedselbank-Maaskantje/example-app/vendor/composer/ClassLoader.php(576): Illuminate/Foundation/Bootstrap/HandleExceptions->{closure:Illuminate/Foundation/Bootstrap/HandleExceptions::forwardsTo():257}(2, 'include(C://Voed...', 'C://Voedselbank-...', 576)
#2 C:/Voedselbank-Maaskantje/example-app/vendor/composer/ClassLoader.php(576): include('C://Voedselbank-...')
#3 C:/Voedselbank-Maaskantje/example-app/vendor/composer/ClassLoader.php(427): {closure:Composer/Autoload/ClassLoader::initializeIncludeClosure():575}('C://Voedselbank-...')
#4 C:/Voedselbank-Maaskantje/example-app/vendor/laravel/framework/src/Illuminate/Log/Context/ContextLogProcessor.php(10): Composer/Autoload/ClassLoader->loadClass('Illuminate//Cont...')
#5 C:/Voedselbank-Maaskantje/example-app/vendor/composer/ClassLoader.php(576): include('C://Voedselbank-...')
#6 C:/Voedselbank-Maaskantje/example-app/vendor/composer/ClassLoader.php(427): {closure:Composer/Autoload/ClassLoader::initializeIncludeClosure():575}('C://Voedselbank-...')
#7 C:/Voedselbank-Maaskantje/example-app/vendor/laravel/framework/src/Illuminate/Log/Context/ContextServiceProvider.php(33): Composer/Autoload/ClassLoader->loadClass('Illuminate//Log//...')
#8 C:/Voedselbank-Maaskantje/example-app/vendor/laravel/framework/src/Illuminate/Container/Container.php(1118): Illuminate/Log/Context/ContextServiceProvider->{closure:Illuminate/Log/Context/ContextServiceProvider::register():33}(Object(Illuminate/Foundation/Application), Array)
#9 C:/Voedselbank-Maaskantje/example-app/vendor/laravel/framework/src/Illuminate/Container/Container.php(936): Illuminate/Container/Container->build(Object(Closure))
#10 C:/Voedselbank-Maaskantje/example-app/vendor/laravel/framework/src/Illuminate/Foundation/Application.php(1078): Illuminate/Container/Container->resolve('Illuminate//Cont...', Array, true)
#11 C:/Voedselbank-Maaskantje/example-app/vendor/laravel/framework/src/Illuminate/Container/Container.php(864): Illuminate/Foundation/Application->resolve('Illuminate//Cont...', Array)
#12 C:/Voedselbank-Maaskantje/example-app/vendor/laravel/framework/src/Illuminate/Foundation/Application.php(1058): Illuminate/Container/Container->make('Illuminate//Cont...', Array)
#13 C:/Voedselbank-Maaskantje/example-app/vendor/laravel/framework/src/Illuminate/Log/LogManager.php(148): Illuminate/Foundation/Application->make('Illuminate//Cont...')
#14 C:/Voedselbank-Maaskantje/example-app/vendor/laravel/framework/src/Illuminate/Support/helpers.php(526): Illuminate/Log/LogManager->{closure:Illuminate/Log/LogManager::get():141}(Object(Monolog/Logger))
#15 C:/Voedselbank-Maaskantje/example-app/vendor/laravel/framework/src/Illuminate/Log/LogManager.php(141): with(Object(Monolog/Logger), Object(Closure))
#16 C:/Voedselbank-Maaskantje/example-app/vendor/laravel/framework/src/Illuminate/Log/LogManager.php(128): Illuminate/Log/LogManager->get('single')
#17 C:/Voedselbank-Maaskantje/example-app/vendor/laravel/framework/src/Illuminate/Log/LogManager.php(117): Illuminate/Log/LogManager->driver('single')
#18 C:/Voedselbank-Maaskantje/example-app/vendor/laravel/framework/src/Illuminate/Log/LogManager.php(281): Illuminate/Log/LogManager->channel('single')
#19 [internal function]: Illuminate/Log/LogManager->{closure:Illuminate/Log/LogManager::createStackDriver():278}('single', 0)
#20 C:/Voedselbank-Maaskantje/example-app/vendor/laravel/framework/src/Illuminate/Collections/Arr.php(841): array_map(Object(Closure), Array, Array)
#21 C:/Voedselbank-Maaskantje/example-app/vendor/laravel/framework/src/Illuminate/Collections/Collection.php(826): Illuminate/Support/Arr::map(Array, Object(Closure))
#22 C:/Voedselbank-Maaskantje/example-app/vendor/laravel/framework/src/Illuminate/Collections/Traits/EnumeratesValues.php(466): Illuminate/Support/Collection->map(Object(Closure))
#23 C:/Voedselbank-Maaskantje/example-app/vendor/laravel/framework/src/Illuminate/Log/LogManager.php(278): Illuminate/Support/Collection->flatMap(Object(Closure))
#24 C:/Voedselbank-Maaskantje/example-app/vendor/laravel/framework/src/Illuminate/Log/LogManager.php(235): Illuminate/Log/LogManager->createStackDriver(Array)
#25 C:/Voedselbank-Maaskantje/example-app/vendor/laravel/framework/src/Illuminate/Log/LogManager.php(141): Illuminate/Log/LogManager->resolve('stack', Array)
#26 C:/Voedselbank-Maaskantje/example-app/vendor/laravel/framework/src/Illuminate/Log/LogManager.php(128): Illuminate/Log/LogManager->get('stack')
#27 C:/Voedselbank-Maaskantje/example-app/vendor/laravel/framework/src/Illuminate/Log/LogManager.php(712): Illuminate/Log/LogManager->driver()
#28 C:/Voedselbank-Maaskantje/example-app/vendor/laravel/framework/src/Illuminate/Foundation/Exceptions/Handler.php(404): Illuminate/Log/LogManager->error('filemtime(): st...', Array)
#29 C:/Voedselbank-Maaskantje/example-app/vendor/laravel/framework/src/Illuminate/Foundation/Exceptions/Handler.php(367): Illuminate/Foundation/Exceptions/Handler->reportThrowable(Object(ErrorException))
#30 C:/Voedselbank-Maaskantje/example-app/vendor/nunomaduro/collision/src/Adapters/Laravel/ExceptionHandler.php(47): Illuminate/Foundation/Exceptions/Handler->report(Object(ErrorException))
#31 C:/Voedselbank-Maaskantje/example-app/vendor/laravel/framework/src/Illuminate/Foundation/Console/Kernel.php(641): NunoMaduro/Collision/Adapters/Laravel/ExceptionHandler->report(Object(ErrorException))
#32 C:/Voedselbank-Maaskantje/example-app/vendor/laravel/framework/src/Illuminate/Foundation/Console/Kernel.php(200): Illuminate/Foundation/Console/Kernel->reportException(Object(ErrorException))
#33 C:/Voedselbank-Maaskantje/example-app/vendor/laravel/framework/src/Illuminate/Foundation/Application.php(1235): Illuminate/Foundation/Console/Kernel->handle(Object(Symfony/Component/Console/Input/ArgvInput), Object(Symfony/Component/Console/Output/ConsoleOutput))
#34 C:/Voedselbank-Maaskantje/example-app/artisan(16): Illuminate/Foundation/Application->handleCommand(Object(Symfony/Component/Console/Input/ArgvInput))
#35 {main}
"} 
[2026-04-09 12:34:02] laravel.EMERGENCY: Unable to create configured logger. Using emergency logger. {"exception":"[object] (ErrorException(code: 0): include(C:\\Voedselbank-Maaskantje\\example-app\\vendor\\composer/../laravel/framework/src/Illuminate/Contracts/Log/ContextLogProcessor.php): Failed to open stream: No such file or directory at C:/Voedselbank-Maaskantje/example-app/vendor/composer/ClassLoader.php:576)
[stacktrace]
#0 C:/Voedselbank-Maaskantje/example-app/vendor/laravel/framework/src/Illuminate/Foundation/Bootstrap/HandleExceptions.php(258): Illuminate/Foundation/Bootstrap/HandleExceptions->handleError(2, 'include(C://Voed...', 'C://Voedselbank-...', 576)
#1 C:/Voedselbank-Maaskantje/example-app/vendor/composer/ClassLoader.php(576): Illuminate/Foundation/Bootstrap/HandleExceptions->{closure:Illuminate/Foundation/Bootstrap/HandleExceptions::forwardsTo():257}(2, 'include(C://Voed...', 'C://Voedselbank-...', 576)
#2 C:/Voedselbank-Maaskantje/example-app/vendor/composer/ClassLoader.php(576): include('C://Voedselbank-...')
#3 C:/Voedselbank-Maaskantje/example-app/vendor/composer/ClassLoader.php(427): {closure:Composer/Autoload/ClassLoader::initializeIncludeClosure():575}('C://Voedselbank-...')
#4 C:/Voedselbank-Maaskantje/example-app/vendor/laravel/framework/src/Illuminate/Log/Context/ContextLogProcessor.php(10): Composer/Autoload/ClassLoader->loadClass('Illuminate//Cont...')
#5 C:/Voedselbank-Maaskantje/example-app/vendor/composer/ClassLoader.php(576): include('C://Voedselbank-...')
#6 C:/Voedselbank-Maaskantje/example-app/vendor/composer/ClassLoader.php(427): {closure:Composer/Autoload/ClassLoader::initializeIncludeClosure():575}('C://Voedselbank-...')
#7 C:/Voedselbank-Maaskantje/example-app/vendor/laravel/framework/src/Illuminate/Log/Context/ContextServiceProvider.php(33): Composer/Autoload/ClassLoader->loadClass('Illuminate//Log//...')
#8 C:/Voedselbank-Maaskantje/example-app/vendor/laravel/framework/src/Illuminate/Container/Container.php(1118): Illuminate/Log/Context/ContextServiceProvider->{closure:Illuminate/Log/Context/ContextServiceProvider::register():33}(Object(Illuminate/Foundation/Application), Array)
#9 C:/Voedselbank-Maaskantje/example-app/vendor/laravel/framework/src/Illuminate/Container/Container.php(936): Illuminate/Container/Container->build(Object(Closure))
#10 C:/Voedselbank-Maaskantje/example-app/vendor/laravel/framework/src/Illuminate/Foundation/Application.php(1078): Illuminate/Container/Container->resolve('Illuminate//Cont...', Array, true)
#11 C:/Voedselbank-Maaskantje/example-app/vendor/laravel/framework/src/Illuminate/Container/Container.php(864): Illuminate/Foundation/Application->resolve('Illuminate//Cont...', Array)
#12 C:/Voedselbank-Maaskantje/example-app/vendor/laravel/framework/src/Illuminate/Foundation/Application.php(1058): Illuminate/Container/Container->make('Illuminate//Cont...', Array)
#13 C:/Voedselbank-Maaskantje/example-app/vendor/laravel/framework/src/Illuminate/Log/LogManager.php(148): Illuminate/Foundation/Application->make('Illuminate//Cont...')
#14 C:/Voedselbank-Maaskantje/example-app/vendor/laravel/framework/src/Illuminate/Support/helpers.php(526): Illuminate/Log/LogManager->{closure:Illuminate/Log/LogManager::get():141}(Object(Monolog/Logger))
#15 C:/Voedselbank-Maaskantje/example-app/vendor/laravel/framework/src/Illuminate/Log/LogManager.php(141): with(Object(Monolog/Logger), Object(Closure))
#16 C:/Voedselbank-Maaskantje/example-app/vendor/laravel/framework/src/Illuminate/Log/LogManager.php(128): Illuminate/Log/LogManager->get('single')
#17 C:/Voedselbank-Maaskantje/example-app/vendor/laravel/framework/src/Illuminate/Log/LogManager.php(117): Illuminate/Log/LogManager->driver('single')
#18 C:/Voedselbank-Maaskantje/example-app/vendor/laravel/framework/src/Illuminate/Log/LogManager.php(289): Illuminate/Log/LogManager->channel('single')
#19 [internal function]: Illuminate/Log/LogManager->{closure:Illuminate/Log/LogManager::createStackDriver():286}('single', 0)
#20 C:/Voedselbank-Maaskantje/example-app/vendor/laravel/framework/src/Illuminate/Collections/Arr.php(841): array_map(Object(Closure), Array, Array)
#21 C:/Voedselbank-Maaskantje/example-app/vendor/laravel/framework/src/Illuminate/Collections/Collection.php(826): Illuminate/Support/Arr::map(Array, Object(Closure))
#22 C:/Voedselbank-Maaskantje/example-app/vendor/laravel/framework/src/Illuminate/Collections/Traits/EnumeratesValues.php(466): Illuminate/Support/Collection->map(Object(Closure))
#23 C:/Voedselbank-Maaskantje/example-app/vendor/laravel/framework/src/Illuminate/Log/LogManager.php(286): Illuminate/Support/Collection->flatMap(Object(Closure))
#24 C:/Voedselbank-Maaskantje/example-app/vendor/laravel/framework/src/Illuminate/Log/LogManager.php(235): Illuminate/Log/LogManager->createStackDriver(Array)
#25 C:/Voedselbank-Maaskantje/example-app/vendor/laravel/framework/src/Illuminate/Log/LogManager.php(141): Illuminate/Log/LogManager->resolve('stack', Array)
#26 C:/Voedselbank-Maaskantje/example-app/vendor/laravel/framework/src/Illuminate/Log/LogManager.php(128): Illuminate/Log/LogManager->get('stack')
#27 C:/Voedselbank-Maaskantje/example-app/vendor/laravel/framework/src/Illuminate/Log/LogManager.php(712): Illuminate/Log/LogManager->driver()
#28 C:/Voedselbank-Maaskantje/example-app/vendor/laravel/framework/src/Illuminate/Foundation/Exceptions/Handler.php(404): Illuminate/Log/LogManager->error('filemtime(): st...', Array)
#29 C:/Voedselbank-Maaskantje/example-app/vendor/laravel/framework/src/Illuminate/Foundation/Exceptions/Handler.php(367): Illuminate/Foundation/Exceptions/Handler->reportThrowable(Object(ErrorException))
#30 C:/Voedselbank-Maaskantje/example-app/vendor/nunomaduro/collision/src/Adapters/Laravel/ExceptionHandler.php(47): Illuminate/Foundation/Exceptions/Handler->report(Object(ErrorException))
#31 C:/Voedselbank-Maaskantje/example-app/vendor/laravel/framework/src/Illuminate/Foundation/Console/Kernel.php(641): NunoMaduro/Collision/Adapters/Laravel/ExceptionHandler->report(Object(ErrorException))
#32 C:/Voedselbank-Maaskantje/example-app/vendor/laravel/framework/src/Illuminate/Foundation/Console/Kernel.php(200): Illuminate/Foundation/Console/Kernel->reportException(Object(ErrorException))
#33 C:/Voedselbank-Maaskantje/example-app/vendor/laravel/framework/src/Illuminate/Foundation/Application.php(1235): Illuminate/Foundation/Console/Kernel->handle(Object(Symfony/Component/Console/Input/ArgvInput), Object(Symfony/Component/Console/Output/ConsoleOutput))
#34 C:/Voedselbank-Maaskantje/example-app/artisan(16): Illuminate/Foundation/Application->handleCommand(Object(Symfony/Component/Console/Input/ArgvInput))
#35 {main}
"} 
[2026-04-09 12:34:02] laravel.EMERGENCY: Unable to create configured logger. Using emergency logger. {"exception":"[object] (ErrorException(code: 0): include(C:\\Voedselbank-Maaskantje\\example-app\\vendor\\composer/../laravel/framework/src/Illuminate/Contracts/Log/ContextLogProcessor.php): Failed to open stream: No such file or directory at C:/Voedselbank-Maaskantje/example-app/vendor/composer/ClassLoader.php:576)
[stacktrace]
#0 C:/Voedselbank-Maaskantje/example-app/vendor/laravel/framework/src/Illuminate/Foundation/Bootstrap/HandleExceptions.php(258): Illuminate/Foundation/Bootstrap/HandleExceptions->handleError(2, 'include(C://Voed...', 'C://Voedselbank-...', 576)
#1 C:/Voedselbank-Maaskantje/example-app/vendor/composer/ClassLoader.php(576): Illuminate/Foundation/Bootstrap/HandleExceptions->{closure:Illuminate/Foundation/Bootstrap/HandleExceptions::forwardsTo():257}(2, 'include(C://Voed...', 'C://Voedselbank-...', 576)
#2 C:/Voedselbank-Maaskantje/example-app/vendor/composer/ClassLoader.php(576): include('C://Voedselbank-...')
#3 C:/Voedselbank-Maaskantje/example-app/vendor/composer/ClassLoader.php(427): {closure:Composer/Autoload/ClassLoader::initializeIncludeClosure():575}('C://Voedselbank-...')
#4 C:/Voedselbank-Maaskantje/example-app/vendor/laravel/framework/src/Illuminate/Log/Context/ContextLogProcessor.php(10): Composer/Autoload/ClassLoader->loadClass('Illuminate//Cont...')
#5 C:/Voedselbank-Maaskantje/example-app/vendor/composer/ClassLoader.php(576): include('C://Voedselbank-...')
#6 C:/Voedselbank-Maaskantje/example-app/vendor/composer/ClassLoader.php(427): {closure:Composer/Autoload/ClassLoader::initializeIncludeClosure():575}('C://Voedselbank-...')
#7 C:/Voedselbank-Maaskantje/example-app/vendor/laravel/framework/src/Illuminate/Log/Context/ContextServiceProvider.php(33): Composer/Autoload/ClassLoader->loadClass('Illuminate//Log//...')
#8 C:/Voedselbank-Maaskantje/example-app/vendor/laravel/framework/src/Illuminate/Container/Container.php(1118): Illuminate/Log/Context/ContextServiceProvider->{closure:Illuminate/Log/Context/ContextServiceProvider::register():33}(Object(Illuminate/Foundation/Application), Array)
#9 C:/Voedselbank-Maaskantje/example-app/vendor/laravel/framework/src/Illuminate/Container/Container.php(936): Illuminate/Container/Container->build(Object(Closure))
#10 C:/Voedselbank-Maaskantje/example-app/vendor/laravel/framework/src/Illuminate/Foundation/Application.php(1078): Illuminate/Container/Container->resolve('Illuminate//Cont...', Array, true)
#11 C:/Voedselbank-Maaskantje/example-app/vendor/laravel/framework/src/Illuminate/Container/Container.php(864): Illuminate/Foundation/Application->resolve('Illuminate//Cont...', Array)
#12 C:/Voedselbank-Maaskantje/example-app/vendor/laravel/framework/src/Illuminate/Foundation/Application.php(1058): Illuminate/Container/Container->make('Illuminate//Cont...', Array)
#13 C:/Voedselbank-Maaskantje/example-app/vendor/laravel/framework/src/Illuminate/Log/LogManager.php(148): Illuminate/Foundation/Application->make('Illuminate//Cont...')
#14 C:/Voedselbank-Maaskantje/example-app/vendor/laravel/framework/src/Illuminate/Support/helpers.php(526): Illuminate/Log/LogManager->{closure:Illuminate/Log/LogManager::get():141}(Object(Monolog/Logger))
#15 C:/Voedselbank-Maaskantje/example-app/vendor/laravel/framework/src/Illuminate/Log/LogManager.php(141): with(Object(Monolog/Logger), Object(Closure))
#16 C:/Voedselbank-Maaskantje/example-app/vendor/laravel/framework/src/Illuminate/Log/LogManager.php(128): Illuminate/Log/LogManager->get('stack')
#17 C:/Voedselbank-Maaskantje/example-app/vendor/laravel/framework/src/Illuminate/Log/LogManager.php(712): Illuminate/Log/LogManager->driver()
#18 C:/Voedselbank-Maaskantje/example-app/vendor/laravel/framework/src/Illuminate/Foundation/Exceptions/Handler.php(404): Illuminate/Log/LogManager->error('filemtime(): st...', Array)
#19 C:/Voedselbank-Maaskantje/example-app/vendor/laravel/framework/src/Illuminate/Foundation/Exceptions/Handler.php(367): Illuminate/Foundation/Exceptions/Handler->reportThrowable(Object(ErrorException))
#20 C:/Voedselbank-Maaskantje/example-app/vendor/nunomaduro/collision/src/Adapters/Laravel/ExceptionHandler.php(47): Illuminate/Foundation/Exceptions/Handler->report(Object(ErrorException))
#21 C:/Voedselbank-Maaskantje/example-app/vendor/laravel/framework/src/Illuminate/Foundation/Console/Kernel.php(641): NunoMaduro/Collision/Adapters/Laravel/ExceptionHandler->report(Object(ErrorException))
#22 C:/Voedselbank-Maaskantje/example-app/vendor/laravel/framework/src/Illuminate/Foundation/Console/Kernel.php(200): Illuminate/Foundation/Console/Kernel->reportException(Object(ErrorException))
#23 C:/Voedselbank-Maaskantje/example-app/vendor/laravel/framework/src/Illuminate/Foundation/Application.php(1235): Illuminate/Foundation/Console/Kernel->handle(Object(Symfony/Component/Console/Input/ArgvInput), Object(Symfony/Component/Console/Output/ConsoleOutput))
#24 C:/Voedselbank-Maaskantje/example-app/artisan(16): Illuminate/Foundation/Application->handleCommand(Object(Symfony/Component/Console/Input/ArgvInput))
#25 {main}
"} 
[2026-04-09 12:34:02] laravel.ERROR: filemtime(): stat failed for C:\Voedselbank-Maaskantje\example-app\.env {"exception":"[object] (ErrorException(code: 0): filemtime(): stat failed for C:\\Voedselbank-Maaskantje\\example-app\\.env at C:/Voedselbank-Maaskantje/example-app/vendor/laravel/framework/src/Illuminate/Foundation/Console/ServeCommand.php:147)
[stacktrace]
#0 C:/Voedselbank-Maaskantje/example-app/vendor/laravel/framework/src/Illuminate/Foundation/Bootstrap/HandleExceptions.php(258): Illuminate/Foundation/Bootstrap/HandleExceptions->handleError(2, 'filemtime(): st...', 'C://Voedselbank-...', 147)
#1 [internal function]: Illuminate/Foundation/Bootstrap/HandleExceptions->{closure:Illuminate/Foundation/Bootstrap/HandleExceptions::forwardsTo():257}(2, 'filemtime(): st...', 'C://Voedselbank-...', 147)
#2 C:/Voedselbank-Maaskantje/example-app/vendor/laravel/framework/src/Illuminate/Foundation/Console/ServeCommand.php(147): filemtime('C://Voedselbank-...')
#3 C:/Voedselbank-Maaskantje/example-app/vendor/laravel/framework/src/Illuminate/Container/BoundMethod.php(36): Illuminate/Foundation/Console/ServeCommand->handle()
#4 C:/Voedselbank-Maaskantje/example-app/vendor/laravel/framework/src/Illuminate/Container/Util.php(43): Illuminate/Container/BoundMethod::{closure:Illuminate/Container/BoundMethod::call():35}()
#5 C:/Voedselbank-Maaskantje/example-app/vendor/laravel/framework/src/Illuminate/Container/BoundMethod.php(96): Illuminate/Container/Util::unwrapIfClosure(Object(Closure))
#6 C:/Voedselbank-Maaskantje/example-app/vendor/laravel/framework/src/Illuminate/Container/BoundMethod.php(35): Illuminate/Container/BoundMethod::callBoundMethod(Object(Illuminate/Foundation/Application), Array, Object(Closure))
#7 C:/Voedselbank-Maaskantje/example-app/vendor/laravel/framework/src/Illuminate/Container/Container.php(799): Illuminate/Container/BoundMethod::call(Object(Illuminate/Foundation/Application), Array, Array, NULL)
#8 C:/Voedselbank-Maaskantje/example-app/vendor/laravel/framework/src/Illuminate/Console/Command.php(280): Illuminate/Container/Container->call(Array)
#9 C:/Voedselbank-Maaskantje/example-app/vendor/symfony/console/Command/Command.php(291): Illuminate/Console/Command->execute(Object(Symfony/Component/Console/Input/ArgvInput), Object(Illuminate/Console/OutputStyle))
#10 C:/Voedselbank-Maaskantje/example-app/vendor/laravel/framework/src/Illuminate/Console/Command.php(249): Symfony/Component/Console/Command/Command->run(Object(Symfony/Component/Console/Input/ArgvInput), Object(Illuminate/Console/OutputStyle))
#11 C:/Voedselbank-Maaskantje/example-app/vendor/symfony/console/Application.php(1107): Illuminate/Console/Command->run(Object(Symfony/Component/Console/Input/ArgvInput), Object(Symfony/Component/Console/Output/ConsoleOutput))
#12 C:/Voedselbank-Maaskantje/example-app/vendor/symfony/console/Application.php(356): Symfony/Component/Console/Application->doRunCommand(Object(Illuminate/Foundation/Console/ServeCommand), Object(Symfony/Component/Console/Input/ArgvInput), Object(Symfony/Component/Console/Output/ConsoleOutput))
#13 C:/Voedselbank-Maaskantje/example-app/vendor/symfony/console/Application.php(195): Symfony/Component/Console/Application->doRun(Object(Symfony/Component/Console/Input/ArgvInput), Object(Symfony/Component/Console/Output/ConsoleOutput))
#14 C:/Voedselbank-Maaskantje/example-app/vendor/laravel/framework/src/Illuminate/Foundation/Console/Kernel.php(198): Symfony/Component/Console/Application->run(Object(Symfony/Component/Console/Input/ArgvInput), Object(Symfony/Component/Console/Output/ConsoleOutput))
#15 C:/Voedselbank-Maaskantje/example-app/vendor/laravel/framework/src/Illuminate/Foundation/Application.php(1235): Illuminate/Foundation/Console/Kernel->handle(Object(Symfony/Component/Console/Input/ArgvInput), Object(Symfony/Component/Console/Output/ConsoleOutput))
#16 C:/Voedselbank-Maaskantje/example-app/artisan(16): Illuminate/Foundation/Application->handleCommand(Object(Symfony/Component/Console/Input/ArgvInput))
#17 {main}
"} 
[2026-04-09 12:34:02] laravel.EMERGENCY: Unable to create configured logger. Using emergency logger. {"exception":"[object] (ErrorException(code: 0): include(C:\\Voedselbank-Maaskantje\\example-app\\vendor\\composer/../laravel/framework/src/Illuminate/Contracts/Log/ContextLogProcessor.php): Failed to open stream: No such file or directory at C:/Voedselbank-Maaskantje/example-app/vendor/composer/ClassLoader.php:576)
[stacktrace]
#0 C:/Voedselbank-Maaskantje/example-app/vendor/laravel/framework/src/Illuminate/Foundation/Bootstrap/HandleExceptions.php(258): Illuminate/Foundation/Bootstrap/HandleExceptions->handleError(2, 'include(C://Voed...', 'C://Voedselbank-...', 576)
#1 C:/Voedselbank-Maaskantje/example-app/vendor/composer/ClassLoader.php(576): Illuminate/Foundation/Bootstrap/HandleExceptions->{closure:Illuminate/Foundation/Bootstrap/HandleExceptions::forwardsTo():257}(2, 'include(C://Voed...', 'C://Voedselbank-...', 576)
#2 C:/Voedselbank-Maaskantje/example-app/vendor/composer/ClassLoader.php(576): include('C://Voedselbank-...')
#3 C:/Voedselbank-Maaskantje/example-app/vendor/composer/ClassLoader.php(427): {closure:Composer/Autoload/ClassLoader::initializeIncludeClosure():575}('C://Voedselbank-...')
#4 C:/Voedselbank-Maaskantje/example-app/vendor/laravel/framework/src/Illuminate/Log/Context/ContextLogProcessor.php(10): Composer/Autoload/ClassLoader->loadClass('Illuminate//Cont...')
#5 C:/Voedselbank-Maaskantje/example-app/vendor/composer/ClassLoader.php(576): include('C://Voedselbank-...')
#6 C:/Voedselbank-Maaskantje/example-app/vendor/composer/ClassLoader.php(427): {closure:Composer/Autoload/ClassLoader::initializeIncludeClosure():575}('C://Voedselbank-...')
#7 C:/Voedselbank-Maaskantje/example-app/vendor/laravel/framework/src/Illuminate/Log/Context/ContextServiceProvider.php(33): Composer/Autoload/ClassLoader->loadClass('Illuminate//Log//...')
#8 C:/Voedselbank-Maaskantje/example-app/vendor/laravel/framework/src/Illuminate/Container/Container.php(1118): Illuminate/Log/Context/ContextServiceProvider->{closure:Illuminate/Log/Context/ContextServiceProvider::register():33}(Object(Illuminate/Foundation/Application), Array)
#9 C:/Voedselbank-Maaskantje/example-app/vendor/laravel/framework/src/Illuminate/Container/Container.php(936): Illuminate/Container/Container->build(Object(Closure))
#10 C:/Voedselbank-Maaskantje/example-app/vendor/laravel/framework/src/Illuminate/Foundation/Application.php(1078): Illuminate/Container/Container->resolve('Illuminate//Cont...', Array, true)
#11 C:/Voedselbank-Maaskantje/example-app/vendor/laravel/framework/src/Illuminate/Container/Container.php(864): Illuminate/Foundation/Application->resolve('Illuminate//Cont...', Array)
#12 C:/Voedselbank-Maaskantje/example-app/vendor/laravel/framework/src/Illuminate/Foundation/Application.php(1058): Illuminate/Container/Container->make('Illuminate//Cont...', Array)
#13 C:/Voedselbank-Maaskantje/example-app/vendor/laravel/framework/src/Illuminate/Log/LogManager.php(148): Illuminate/Foundation/Application->make('Illuminate//Cont...')
#14 C:/Voedselbank-Maaskantje/example-app/vendor/laravel/framework/src/Illuminate/Support/helpers.php(526): Illuminate/Log/LogManager->{closure:Illuminate/Log/LogManager::get():141}(Object(Monolog/Logger))
#15 C:/Voedselbank-Maaskantje/example-app/vendor/laravel/framework/src/Illuminate/Log/LogManager.php(141): with(Object(Monolog/Logger), Object(Closure))
#16 C:/Voedselbank-Maaskantje/example-app/vendor/laravel/framework/src/Illuminate/Log/LogManager.php(128): Illuminate/Log/LogManager->get('single')
#17 C:/Voedselbank-Maaskantje/example-app/vendor/laravel/framework/src/Illuminate/Log/LogManager.php(117): Illuminate/Log/LogManager->driver('single')
#18 C:/Voedselbank-Maaskantje/example-app/vendor/laravel/framework/src/Illuminate/Log/LogManager.php(281): Illuminate/Log/LogManager->channel('single')
#19 [internal function]: Illuminate/Log/LogManager->{closure:Illuminate/Log/LogManager::createStackDriver():278}('single', 0)
#20 C:/Voedselbank-Maaskantje/example-app/vendor/laravel/framework/src/Illuminate/Collections/Arr.php(841): array_map(Object(Closure), Array, Array)
#21 C:/Voedselbank-Maaskantje/example-app/vendor/laravel/framework/src/Illuminate/Collections/Collection.php(826): Illuminate/Support/Arr::map(Array, Object(Closure))
#22 C:/Voedselbank-Maaskantje/example-app/vendor/laravel/framework/src/Illuminate/Collections/Traits/EnumeratesValues.php(466): Illuminate/Support/Collection->map(Object(Closure))
#23 C:/Voedselbank-Maaskantje/example-app/vendor/laravel/framework/src/Illuminate/Log/LogManager.php(278): Illuminate/Support/Collection->flatMap(Object(Closure))
#24 C:/Voedselbank-Maaskantje/example-app/vendor/laravel/framework/src/Illuminate/Log/LogManager.php(235): Illuminate/Log/LogManager->createStackDriver(Array)
#25 C:/Voedselbank-Maaskantje/example-app/vendor/laravel/framework/src/Illuminate/Log/LogManager.php(141): Illuminate/Log/LogManager->resolve('stack', Array)
#26 C:/Voedselbank-Maaskantje/example-app/vendor/laravel/framework/src/Illuminate/Log/LogManager.php(128): Illuminate/Log/LogManager->get('stack')
#27 C:/Voedselbank-Maaskantje/example-app/vendor/laravel/framework/src/Illuminate/Log/LogManager.php(712): Illuminate/Log/LogManager->driver()
#28 C:/Voedselbank-Maaskantje/example-app/vendor/laravel/framework/src/Illuminate/Foundation/Exceptions/Handler.php(404): Illuminate/Log/LogManager->error('include(C://Voed...', Array)
#29 C:/Voedselbank-Maaskantje/example-app/vendor/laravel/framework/src/Illuminate/Foundation/Exceptions/Handler.php(367): Illuminate/Foundation/Exceptions/Handler->reportThrowable(Object(ErrorException))
#30 C:/Voedselbank-Maaskantje/example-app/vendor/nunomaduro/collision/src/Adapters/Laravel/ExceptionHandler.php(47): Illuminate/Foundation/Exceptions/Handler->report(Object(ErrorException))
#31 C:/Voedselbank-Maaskantje/example-app/vendor/laravel/framework/src/Illuminate/Foundation/Bootstrap/HandleExceptions.php(186): NunoMaduro/Collision/Adapters/Laravel/ExceptionHandler->report(Object(ErrorException))
#32 C:/Voedselbank-Maaskantje/example-app/vendor/laravel/framework/src/Illuminate/Foundation/Bootstrap/HandleExceptions.php(258): Illuminate/Foundation/Bootstrap/HandleExceptions->handleException(Object(ErrorException))
#33 [internal function]: Illuminate/Foundation/Bootstrap/HandleExceptions->{closure:Illuminate/Foundation/Bootstrap/HandleExceptions::forwardsTo():257}(Object(ErrorException))
#34 {main}
"} 
[2026-04-09 12:34:02] laravel.EMERGENCY: Unable to create configured logger. Using emergency logger. {"exception":"[object] (ErrorException(code: 0): include(C:\\Voedselbank-Maaskantje\\example-app\\vendor\\composer/../laravel/framework/src/Illuminate/Contracts/Log/ContextLogProcessor.php): Failed to open stream: No such file or directory at C:/Voedselbank-Maaskantje/example-app/vendor/composer/ClassLoader.php:576)
[stacktrace]
#0 C:/Voedselbank-Maaskantje/example-app/vendor/laravel/framework/src/Illuminate/Foundation/Bootstrap/HandleExceptions.php(258): Illuminate/Foundation/Bootstrap/HandleExceptions->handleError(2, 'include(C://Voed...', 'C://Voedselbank-...', 576)
#1 C:/Voedselbank-Maaskantje/example-app/vendor/composer/ClassLoader.php(576): Illuminate/Foundation/Bootstrap/HandleExceptions->{closure:Illuminate/Foundation/Bootstrap/HandleExceptions::forwardsTo():257}(2, 'include(C://Voed...', 'C://Voedselbank-...', 576)
#2 C:/Voedselbank-Maaskantje/example-app/vendor/composer/ClassLoader.php(576): include('C://Voedselbank-...')
#3 C:/Voedselbank-Maaskantje/example-app/vendor/composer/ClassLoader.php(427): {closure:Composer/Autoload/ClassLoader::initializeIncludeClosure():575}('C://Voedselbank-...')
#4 C:/Voedselbank-Maaskantje/example-app/vendor/laravel/framework/src/Illuminate/Log/Context/ContextLogProcessor.php(10): Composer/Autoload/ClassLoader->loadClass('Illuminate//Cont...')
#5 C:/Voedselbank-Maaskantje/example-app/vendor/composer/ClassLoader.php(576): include('C://Voedselbank-...')
#6 C:/Voedselbank-Maaskantje/example-app/vendor/composer/ClassLoader.php(427): {closure:Composer/Autoload/ClassLoader::initializeIncludeClosure():575}('C://Voedselbank-...')
#7 C:/Voedselbank-Maaskantje/example-app/vendor/laravel/framework/src/Illuminate/Log/Context/ContextServiceProvider.php(33): Composer/Autoload/ClassLoader->loadClass('Illuminate//Log//...')
#8 C:/Voedselbank-Maaskantje/example-app/vendor/laravel/framework/src/Illuminate/Container/Container.php(1118): Illuminate/Log/Context/ContextServiceProvider->{closure:Illuminate/Log/Context/ContextServiceProvider::register():33}(Object(Illuminate/Foundation/Application), Array)
#9 C:/Voedselbank-Maaskantje/example-app/vendor/laravel/framework/src/Illuminate/Container/Container.php(936): Illuminate/Container/Container->build(Object(Closure))
#10 C:/Voedselbank-Maaskantje/example-app/vendor/laravel/framework/src/Illuminate/Foundation/Application.php(1078): Illuminate/Container/Container->resolve('Illuminate//Cont...', Array, true)
#11 C:/Voedselbank-Maaskantje/example-app/vendor/laravel/framework/src/Illuminate/Container/Container.php(864): Illuminate/Foundation/Application->resolve('Illuminate//Cont...', Array)
#12 C:/Voedselbank-Maaskantje/example-app/vendor/laravel/framework/src/Illuminate/Foundation/Application.php(1058): Illuminate/Container/Container->make('Illuminate//Cont...', Array)
#13 C:/Voedselbank-Maaskantje/example-app/vendor/laravel/framework/src/Illuminate/Log/LogManager.php(148): Illuminate/Foundation/Application->make('Illuminate//Cont...')
#14 C:/Voedselbank-Maaskantje/example-app/vendor/laravel/framework/src/Illuminate/Support/helpers.php(526): Illuminate/Log/LogManager->{closure:Illuminate/Log/LogManager::get():141}(Object(Monolog/Logger))
#15 C:/Voedselbank-Maaskantje/example-app/vendor/laravel/framework/src/Illuminate/Log/LogManager.php(141): with(Object(Monolog/Logger), Object(Closure))
#16 C:/Voedselbank-Maaskantje/example-app/vendor/laravel/framework/src/Illuminate/Log/LogManager.php(128): Illuminate/Log/LogManager->get('single')
#17 C:/Voedselbank-Maaskantje/example-app/vendor/laravel/framework/src/Illuminate/Log/LogManager.php(117): Illuminate/Log/LogManager->driver('single')
#18 C:/Voedselbank-Maaskantje/example-app/vendor/laravel/framework/src/Illuminate/Log/LogManager.php(289): Illuminate/Log/LogManager->channel('single')
#19 [internal function]: Illuminate/Log/LogManager->{closure:Illuminate/Log/LogManager::createStackDriver():286}('single', 0)
#20 C:/Voedselbank-Maaskantje/example-app/vendor/laravel/framework/src/Illuminate/Collections/Arr.php(841): array_map(Object(Closure), Array, Array)
#21 C:/Voedselbank-Maaskantje/example-app/vendor/laravel/framework/src/Illuminate/Collections/Collection.php(826): Illuminate/Support/Arr::map(Array, Object(Closure))
#22 C:/Voedselbank-Maaskantje/example-app/vendor/laravel/framework/src/Illuminate/Collections/Traits/EnumeratesValues.php(466): Illuminate/Support/Collection->map(Object(Closure))
#23 C:/Voedselbank-Maaskantje/example-app/vendor/laravel/framework/src/Illuminate/Log/LogManager.php(286): Illuminate/Support/Collection->flatMap(Object(Closure))
#24 C:/Voedselbank-Maaskantje/example-app/vendor/laravel/framework/src/Illuminate/Log/LogManager.php(235): Illuminate/Log/LogManager->createStackDriver(Array)
#25 C:/Voedselbank-Maaskantje/example-app/vendor/laravel/framework/src/Illuminate/Log/LogManager.php(141): Illuminate/Log/LogManager->resolve('stack', Array)
#26 C:/Voedselbank-Maaskantje/example-app/vendor/laravel/framework/src/Illuminate/Log/LogManager.php(128): Illuminate/Log/LogManager->get('stack')
#27 C:/Voedselbank-Maaskantje/example-app/vendor/laravel/framework/src/Illuminate/Log/LogManager.php(712): Illuminate/Log/LogManager->driver()
#28 C:/Voedselbank-Maaskantje/example-app/vendor/laravel/framework/src/Illuminate/Foundation/Exceptions/Handler.php(404): Illuminate/Log/LogManager->error('include(C://Voed...', Array)
#29 C:/Voedselbank-Maaskantje/example-app/vendor/laravel/framework/src/Illuminate/Foundation/Exceptions/Handler.php(367): Illuminate/Foundation/Exceptions/Handler->reportThrowable(Object(ErrorException))
#30 C:/Voedselbank-Maaskantje/example-app/vendor/nunomaduro/collision/src/Adapters/Laravel/ExceptionHandler.php(47): Illuminate/Foundation/Exceptions/Handler->report(Object(ErrorException))
#31 C:/Voedselbank-Maaskantje/example-app/vendor/laravel/framework/src/Illuminate/Foundation/Bootstrap/HandleExceptions.php(186): NunoMaduro/Collision/Adapters/Laravel/ExceptionHandler->report(Object(ErrorException))
#32 C:/Voedselbank-Maaskantje/example-app/vendor/laravel/framework/src/Illuminate/Foundation/Bootstrap/HandleExceptions.php(258): Illuminate/Foundation/Bootstrap/HandleExceptions->handleException(Object(ErrorException))
#33 [internal function]: Illuminate/Foundation/Bootstrap/HandleExceptions->{closure:Illuminate/Foundation/Bootstrap/HandleExceptions::forwardsTo():257}(Object(ErrorException))
#34 {main}
"} 
[2026-04-09 12:34:02] laravel.EMERGENCY: Unable to create configured logger. Using emergency logger. {"exception":"[object] (ErrorException(code: 0): include(C:\\Voedselbank-Maaskantje\\example-app\\vendor\\composer/../laravel/framework/src/Illuminate/Contracts/Log/ContextLogProcessor.php): Failed to open stream: No such file or directory at C:/Voedselbank-Maaskantje/example-app/vendor/composer/ClassLoader.php:576)
[stacktrace]
#0 C:/Voedselbank-Maaskantje/example-app/vendor/laravel/framework/src/Illuminate/Foundation/Bootstrap/HandleExceptions.php(258): Illuminate/Foundation/Bootstrap/HandleExceptions->handleError(2, 'include(C://Voed...', 'C://Voedselbank-...', 576)
#1 C:/Voedselbank-Maaskantje/example-app/vendor/composer/ClassLoader.php(576): Illuminate/Foundation/Bootstrap/HandleExceptions->{closure:Illuminate/Foundation/Bootstrap/HandleExceptions::forwardsTo():257}(2, 'include(C://Voed...', 'C://Voedselbank-...', 576)
#2 C:/Voedselbank-Maaskantje/example-app/vendor/composer/ClassLoader.php(576): include('C://Voedselbank-...')
#3 C:/Voedselbank-Maaskantje/example-app/vendor/composer/ClassLoader.php(427): {closure:Composer/Autoload/ClassLoader::initializeIncludeClosure():575}('C://Voedselbank-...')
#4 C:/Voedselbank-Maaskantje/example-app/vendor/laravel/framework/src/Illuminate/Log/Context/ContextLogProcessor.php(10): Composer/Autoload/ClassLoader->loadClass('Illuminate//Cont...')
#5 C:/Voedselbank-Maaskantje/example-app/vendor/composer/ClassLoader.php(576): include('C://Voedselbank-...')
#6 C:/Voedselbank-Maaskantje/example-app/vendor/composer/ClassLoader.php(427): {closure:Composer/Autoload/ClassLoader::initializeIncludeClosure():575}('C://Voedselbank-...')
#7 C:/Voedselbank-Maaskantje/example-app/vendor/laravel/framework/src/Illuminate/Log/Context/ContextServiceProvider.php(33): Composer/Autoload/ClassLoader->loadClass('Illuminate//Log//...')
#8 C:/Voedselbank-Maaskantje/example-app/vendor/laravel/framework/src/Illuminate/Container/Container.php(1118): Illuminate/Log/Context/ContextServiceProvider->{closure:Illuminate/Log/Context/ContextServiceProvider::register():33}(Object(Illuminate/Foundation/Application), Array)
#9 C:/Voedselbank-Maaskantje/example-app/vendor/laravel/framework/src/Illuminate/Container/Container.php(936): Illuminate/Container/Container->build(Object(Closure))
#10 C:/Voedselbank-Maaskantje/example-app/vendor/laravel/framework/src/Illuminate/Foundation/Application.php(1078): Illuminate/Container/Container->resolve('Illuminate//Cont...', Array, true)
#11 C:/Voedselbank-Maaskantje/example-app/vendor/laravel/framework/src/Illuminate/Container/Container.php(864): Illuminate/Foundation/Application->resolve('Illuminate//Cont...', Array)
#12 C:/Voedselbank-Maaskantje/example-app/vendor/laravel/framework/src/Illuminate/Foundation/Application.php(1058): Illuminate/Container/Container->make('Illuminate//Cont...', Array)
#13 C:/Voedselbank-Maaskantje/example-app/vendor/laravel/framework/src/Illuminate/Log/LogManager.php(148): Illuminate/Foundation/Application->make('Illuminate//Cont...')
#14 C:/Voedselbank-Maaskantje/example-app/vendor/laravel/framework/src/Illuminate/Support/helpers.php(526): Illuminate/Log/LogManager->{closure:Illuminate/Log/LogManager::get():141}(Object(Monolog/Logger))
#15 C:/Voedselbank-Maaskantje/example-app/vendor/laravel/framework/src/Illuminate/Log/LogManager.php(141): with(Object(Monolog/Logger), Object(Closure))
#16 C:/Voedselbank-Maaskantje/example-app/vendor/laravel/framework/src/Illuminate/Log/LogManager.php(128): Illuminate/Log/LogManager->get('stack')
#17 C:/Voedselbank-Maaskantje/example-app/vendor/laravel/framework/src/Illuminate/Log/LogManager.php(712): Illuminate/Log/LogManager->driver()
#18 C:/Voedselbank-Maaskantje/example-app/vendor/laravel/framework/src/Illuminate/Foundation/Exceptions/Handler.php(404): Illuminate/Log/LogManager->error('include(C://Voed...', Array)
#19 C:/Voedselbank-Maaskantje/example-app/vendor/laravel/framework/src/Illuminate/Foundation/Exceptions/Handler.php(367): Illuminate/Foundation/Exceptions/Handler->reportThrowable(Object(ErrorException))
#20 C:/Voedselbank-Maaskantje/example-app/vendor/nunomaduro/collision/src/Adapters/Laravel/ExceptionHandler.php(47): Illuminate/Foundation/Exceptions/Handler->report(Object(ErrorException))
#21 C:/Voedselbank-Maaskantje/example-app/vendor/laravel/framework/src/Illuminate/Foundation/Bootstrap/HandleExceptions.php(186): NunoMaduro/Collision/Adapters/Laravel/ExceptionHandler->report(Object(ErrorException))
#22 C:/Voedselbank-Maaskantje/example-app/vendor/laravel/framework/src/Illuminate/Foundation/Bootstrap/HandleExceptions.php(258): Illuminate/Foundation/Bootstrap/HandleExceptions->handleException(Object(ErrorException))
#23 [internal function]: Illuminate/Foundation/Bootstrap/HandleExceptions->{closure:Illuminate/Foundation/Bootstrap/HandleExceptions::forwardsTo():257}(Object(ErrorException))
#24 {main}
"} 
[2026-04-09 12:34:02] laravel.ERROR: include(C:\Voedselbank-Maaskantje\example-app\vendor\composer/../filp/whoops/src/Whoops/Handler/Handler.php): Failed to open stream: No such file or directory {"exception":"[object] (ErrorException(code: 0): include(C:\\Voedselbank-Maaskantje\\example-app\\vendor\\composer/../filp/whoops/src/Whoops/Handler/Handler.php): Failed to open stream: No such file or directory at C:/Voedselbank-Maaskantje/example-app/vendor/composer/ClassLoader.php:576)
[stacktrace]
#0 C:/Voedselbank-Maaskantje/example-app/vendor/laravel/framework/src/Illuminate/Foundation/Bootstrap/HandleExceptions.php(258): Illuminate/Foundation/Bootstrap/HandleExceptions->handleError(2, 'include(C://Voed...', 'C://Voedselbank-...', 576)
#1 C:/Voedselbank-Maaskantje/example-app/vendor/composer/ClassLoader.php(576): Illuminate/Foundation/Bootstrap/HandleExceptions->{closure:Illuminate/Foundation/Bootstrap/HandleExceptions::forwardsTo():257}(2, 'include(C://Voed...', 'C://Voedselbank-...', 576)
#2 C:/Voedselbank-Maaskantje/example-app/vendor/composer/ClassLoader.php(576): include('C://Voedselbank-...')
#3 C:/Voedselbank-Maaskantje/example-app/vendor/composer/ClassLoader.php(427): {closure:Composer/Autoload/ClassLoader::initializeIncludeClosure():575}('C://Voedselbank-...')
#4 C:/Voedselbank-Maaskantje/example-app/vendor/nunomaduro/collision/src/Handler.php(16): Composer/Autoload/ClassLoader->loadClass('Whoops//Handler//...')
#5 C:/Voedselbank-Maaskantje/example-app/vendor/composer/ClassLoader.php(576): include('C://Voedselbank-...')
#6 C:/Voedselbank-Maaskantje/example-app/vendor/composer/ClassLoader.php(427): {closure:Composer/Autoload/ClassLoader::initializeIncludeClosure():575}('C://Voedselbank-...')
#7 C:/Voedselbank-Maaskantje/example-app/vendor/nunomaduro/collision/src/Adapters/Laravel/CollisionServiceProvider.php(55): Composer/Autoload/ClassLoader->loadClass('NunoMaduro//Coll...')
#8 C:/Voedselbank-Maaskantje/example-app/vendor/laravel/framework/src/Illuminate/Container/Container.php(1118): NunoMaduro/Collision/Adapters/Laravel/CollisionServiceProvider->{closure:NunoMaduro/Collision/Adapters/Laravel/CollisionServiceProvider::register():44}(Object(Illuminate/Foundation/Application), Array)
#9 C:/Voedselbank-Maaskantje/example-app/vendor/laravel/framework/src/Illuminate/Container/Container.php(936): Illuminate/Container/Container->build(Object(Closure))
#10 C:/Voedselbank-Maaskantje/example-app/vendor/laravel/framework/src/Illuminate/Foundation/Application.php(1078): Illuminate/Container/Container->resolve('NunoMaduro//Coll...', Array, true)
#11 C:/Voedselbank-Maaskantje/example-app/vendor/laravel/framework/src/Illuminate/Container/Container.php(864): Illuminate/Foundation/Application->resolve('NunoMaduro//Coll...', Array)
#12 C:/Voedselbank-Maaskantje/example-app/vendor/laravel/framework/src/Illuminate/Foundation/Application.php(1058): Illuminate/Container/Container->make('NunoMaduro//Coll...', Array)
#13 C:/Voedselbank-Maaskantje/example-app/vendor/nunomaduro/collision/src/Adapters/Laravel/ExceptionHandler.php(67): Illuminate/Foundation/Application->make('NunoMaduro//Coll...')
#14 C:/Voedselbank-Maaskantje/example-app/vendor/laravel/framework/src/Illuminate/Foundation/Console/Kernel.php(653): NunoMaduro/Collision/Adapters/Laravel/ExceptionHandler->renderForConsole(Object(Symfony/Component/Console/Output/ConsoleOutput), Object(ErrorException))
#15 C:/Voedselbank-Maaskantje/example-app/vendor/laravel/framework/src/Illuminate/Foundation/Console/Kernel.php(202): Illuminate/Foundation/Console/Kernel->renderException(Object(Symfony/Component/Console/Output/ConsoleOutput), Object(ErrorException))
#16 C:/Voedselbank-Maaskantje/example-app/vendor/laravel/framework/src/Illuminate/Foundation/Application.php(1235): Illuminate/Foundation/Console/Kernel->handle(Object(Symfony/Component/Console/Input/ArgvInput), Object(Symfony/Component/Console/Output/ConsoleOutput))
#17 C:/Voedselbank-Maaskantje/example-app/artisan(16): Illuminate/Foundation/Application->handleCommand(Object(Symfony/Component/Console/Input/ArgvInput))
#18 {main}
"} 
[2026-04-09 12:34:02] laravel.EMERGENCY: Unable to create configured logger. Using emergency logger. {"exception":"[object] (ErrorException(code: 0): include(C:\\Voedselbank-Maaskantje\\example-app\\vendor\\composer/../laravel/framework/src/Illuminate/Contracts/Log/ContextLogProcessor.php): Failed to open stream: No such file or directory at C:/Voedselbank-Maaskantje/example-app/vendor/composer/ClassLoader.php:576)
[stacktrace]
#0 C:/Voedselbank-Maaskantje/example-app/vendor/laravel/framework/src/Illuminate/Foundation/Bootstrap/HandleExceptions.php(258): Illuminate/Foundation/Bootstrap/HandleExceptions->handleError(2, 'include(C://Voed...', 'C://Voedselbank-...', 576)
#1 C:/Voedselbank-Maaskantje/example-app/vendor/composer/ClassLoader.php(576): Illuminate/Foundation/Bootstrap/HandleExceptions->{closure:Illuminate/Foundation/Bootstrap/HandleExceptions::forwardsTo():257}(2, 'include(C://Voed...', 'C://Voedselbank-...', 576)
#2 C:/Voedselbank-Maaskantje/example-app/vendor/composer/ClassLoader.php(576): include('C://Voedselbank-...')
#3 C:/Voedselbank-Maaskantje/example-app/vendor/composer/ClassLoader.php(427): {closure:Composer/Autoload/ClassLoader::initializeIncludeClosure():575}('C://Voedselbank-...')
#4 C:/Voedselbank-Maaskantje/example-app/vendor/laravel/framework/src/Illuminate/Log/Context/ContextLogProcessor.php(10): Composer/Autoload/ClassLoader->loadClass('Illuminate//Cont...')
#5 C:/Voedselbank-Maaskantje/example-app/vendor/composer/ClassLoader.php(576): include('C://Voedselbank-...')
#6 C:/Voedselbank-Maaskantje/example-app/vendor/composer/ClassLoader.php(427): {closure:Composer/Autoload/ClassLoader::initializeIncludeClosure():575}('C://Voedselbank-...')
#7 C:/Voedselbank-Maaskantje/example-app/vendor/laravel/framework/src/Illuminate/Log/Context/ContextServiceProvider.php(33): Composer/Autoload/ClassLoader->loadClass('Illuminate//Log//...')
#8 C:/Voedselbank-Maaskantje/example-app/vendor/laravel/framework/src/Illuminate/Container/Container.php(1118): Illuminate/Log/Context/ContextServiceProvider->{closure:Illuminate/Log/Context/ContextServiceProvider::register():33}(Object(Illuminate/Foundation/Application), Array)
#9 C:/Voedselbank-Maaskantje/example-app/vendor/laravel/framework/src/Illuminate/Container/Container.php(936): Illuminate/Container/Container->build(Object(Closure))
#10 C:/Voedselbank-Maaskantje/example-app/vendor/laravel/framework/src/Illuminate/Foundation/Application.php(1078): Illuminate/Container/Container->resolve('Illuminate//Cont...', Array, true)
#11 C:/Voedselbank-Maaskantje/example-app/vendor/laravel/framework/src/Illuminate/Container/Container.php(864): Illuminate/Foundation/Application->resolve('Illuminate//Cont...', Array)
#12 C:/Voedselbank-Maaskantje/example-app/vendor/laravel/framework/src/Illuminate/Foundation/Application.php(1058): Illuminate/Container/Container->make('Illuminate//Cont...', Array)
#13 C:/Voedselbank-Maaskantje/example-app/vendor/laravel/framework/src/Illuminate/Log/LogManager.php(148): Illuminate/Foundation/Application->make('Illuminate//Cont...')
#14 C:/Voedselbank-Maaskantje/example-app/vendor/laravel/framework/src/Illuminate/Support/helpers.php(526): Illuminate/Log/LogManager->{closure:Illuminate/Log/LogManager::get():141}(Object(Monolog/Logger))
#15 C:/Voedselbank-Maaskantje/example-app/vendor/laravel/framework/src/Illuminate/Log/LogManager.php(141): with(Object(Monolog/Logger), Object(Closure))
#16 C:/Voedselbank-Maaskantje/example-app/vendor/laravel/framework/src/Illuminate/Log/LogManager.php(128): Illuminate/Log/LogManager->get('single')
#17 C:/Voedselbank-Maaskantje/example-app/vendor/laravel/framework/src/Illuminate/Log/LogManager.php(117): Illuminate/Log/LogManager->driver('single')
#18 C:/Voedselbank-Maaskantje/example-app/vendor/laravel/framework/src/Illuminate/Log/LogManager.php(281): Illuminate/Log/LogManager->channel('single')
#19 [internal function]: Illuminate/Log/LogManager->{closure:Illuminate/Log/LogManager::createStackDriver():278}('single', 0)
#20 C:/Voedselbank-Maaskantje/example-app/vendor/laravel/framework/src/Illuminate/Collections/Arr.php(841): array_map(Object(Closure), Array, Array)
#21 C:/Voedselbank-Maaskantje/example-app/vendor/laravel/framework/src/Illuminate/Collections/Collection.php(826): Illuminate/Support/Arr::map(Array, Object(Closure))
#22 C:/Voedselbank-Maaskantje/example-app/vendor/laravel/framework/src/Illuminate/Collections/Traits/EnumeratesValues.php(466): Illuminate/Support/Collection->map(Object(Closure))
#23 C:/Voedselbank-Maaskantje/example-app/vendor/laravel/framework/src/Illuminate/Log/LogManager.php(278): Illuminate/Support/Collection->flatMap(Object(Closure))
#24 C:/Voedselbank-Maaskantje/example-app/vendor/laravel/framework/src/Illuminate/Log/LogManager.php(235): Illuminate/Log/LogManager->createStackDriver(Array)
#25 C:/Voedselbank-Maaskantje/example-app/vendor/laravel/framework/src/Illuminate/Log/LogManager.php(141): Illuminate/Log/LogManager->resolve('stack', Array)
#26 C:/Voedselbank-Maaskantje/example-app/vendor/laravel/framework/src/Illuminate/Log/LogManager.php(128): Illuminate/Log/LogManager->get('stack')
#27 C:/Voedselbank-Maaskantje/example-app/vendor/laravel/framework/src/Illuminate/Log/LogManager.php(712): Illuminate/Log/LogManager->driver()
#28 C:/Voedselbank-Maaskantje/example-app/vendor/laravel/framework/src/Illuminate/Foundation/Exceptions/Handler.php(404): Illuminate/Log/LogManager->error('Uncaught ErrorE...', Array)
#29 C:/Voedselbank-Maaskantje/example-app/vendor/laravel/framework/src/Illuminate/Foundation/Exceptions/Handler.php(367): Illuminate/Foundation/Exceptions/Handler->reportThrowable(Object(Symfony/Component/ErrorHandler/Error/FatalError))
#30 C:/Voedselbank-Maaskantje/example-app/vendor/nunomaduro/collision/src/Adapters/Laravel/ExceptionHandler.php(47): Illuminate/Foundation/Exceptions/Handler->report(Object(Symfony/Component/ErrorHandler/Error/FatalError))
#31 C:/Voedselbank-Maaskantje/example-app/vendor/laravel/framework/src/Illuminate/Foundation/Bootstrap/HandleExceptions.php(186): NunoMaduro/Collision/Adapters/Laravel/ExceptionHandler->report(Object(Symfony/Component/ErrorHandler/Error/FatalError))
#32 C:/Voedselbank-Maaskantje/example-app/vendor/laravel/framework/src/Illuminate/Foundation/Bootstrap/HandleExceptions.php(234): Illuminate/Foundation/Bootstrap/HandleExceptions->handleException(Object(Symfony/Component/ErrorHandler/Error/FatalError))
#33 C:/Voedselbank-Maaskantje/example-app/vendor/laravel/framework/src/Illuminate/Foundation/Bootstrap/HandleExceptions.php(258): Illuminate/Foundation/Bootstrap/HandleExceptions->handleShutdown()
#34 [internal function]: Illuminate/Foundation/Bootstrap/HandleExceptions->{closure:Illuminate/Foundation/Bootstrap/HandleExceptions::forwardsTo():257}()
#35 {main}
"} 
[2026-04-09 12:34:02] laravel.EMERGENCY: Unable to create configured logger. Using emergency logger. {"exception":"[object] (ErrorException(code: 0): include(C:\\Voedselbank-Maaskantje\\example-app\\vendor\\composer/../laravel/framework/src/Illuminate/Contracts/Log/ContextLogProcessor.php): Failed to open stream: No such file or directory at C:/Voedselbank-Maaskantje/example-app/vendor/composer/ClassLoader.php:576)
[stacktrace]
#0 C:/Voedselbank-Maaskantje/example-app/vendor/laravel/framework/src/Illuminate/Foundation/Bootstrap/HandleExceptions.php(258): Illuminate/Foundation/Bootstrap/HandleExceptions->handleError(2, 'include(C://Voed...', 'C://Voedselbank-...', 576)
#1 C:/Voedselbank-Maaskantje/example-app/vendor/composer/ClassLoader.php(576): Illuminate/Foundation/Bootstrap/HandleExceptions->{closure:Illuminate/Foundation/Bootstrap/HandleExceptions::forwardsTo():257}(2, 'include(C://Voed...', 'C://Voedselbank-...', 576)
#2 C:/Voedselbank-Maaskantje/example-app/vendor/composer/ClassLoader.php(576): include('C://Voedselbank-...')
#3 C:/Voedselbank-Maaskantje/example-app/vendor/composer/ClassLoader.php(427): {closure:Composer/Autoload/ClassLoader::initializeIncludeClosure():575}('C://Voedselbank-...')
#4 C:/Voedselbank-Maaskantje/example-app/vendor/laravel/framework/src/Illuminate/Log/Context/ContextLogProcessor.php(10): Composer/Autoload/ClassLoader->loadClass('Illuminate//Cont...')
#5 C:/Voedselbank-Maaskantje/example-app/vendor/composer/ClassLoader.php(576): include('C://Voedselbank-...')
#6 C:/Voedselbank-Maaskantje/example-app/vendor/composer/ClassLoader.php(427): {closure:Composer/Autoload/ClassLoader::initializeIncludeClosure():575}('C://Voedselbank-...')
#7 C:/Voedselbank-Maaskantje/example-app/vendor/laravel/framework/src/Illuminate/Log/Context/ContextServiceProvider.php(33): Composer/Autoload/ClassLoader->loadClass('Illuminate//Log//...')
#8 C:/Voedselbank-Maaskantje/example-app/vendor/laravel/framework/src/Illuminate/Container/Container.php(1118): Illuminate/Log/Context/ContextServiceProvider->{closure:Illuminate/Log/Context/ContextServiceProvider::register():33}(Object(Illuminate/Foundation/Application), Array)
#9 C:/Voedselbank-Maaskantje/example-app/vendor/laravel/framework/src/Illuminate/Container/Container.php(936): Illuminate/Container/Container->build(Object(Closure))
#10 C:/Voedselbank-Maaskantje/example-app/vendor/laravel/framework/src/Illuminate/Foundation/Application.php(1078): Illuminate/Container/Container->resolve('Illuminate//Cont...', Array, true)
#11 C:/Voedselbank-Maaskantje/example-app/vendor/laravel/framework/src/Illuminate/Container/Container.php(864): Illuminate/Foundation/Application->resolve('Illuminate//Cont...', Array)
#12 C:/Voedselbank-Maaskantje/example-app/vendor/laravel/framework/src/Illuminate/Foundation/Application.php(1058): Illuminate/Container/Container->make('Illuminate//Cont...', Array)
#13 C:/Voedselbank-Maaskantje/example-app/vendor/laravel/framework/src/Illuminate/Log/LogManager.php(148): Illuminate/Foundation/Application->make('Illuminate//Cont...')
#14 C:/Voedselbank-Maaskantje/example-app/vendor/laravel/framework/src/Illuminate/Support/helpers.php(526): Illuminate/Log/LogManager->{closure:Illuminate/Log/LogManager::get():141}(Object(Monolog/Logger))
#15 C:/Voedselbank-Maaskantje/example-app/vendor/laravel/framework/src/Illuminate/Log/LogManager.php(141): with(Object(Monolog/Logger), Object(Closure))
#16 C:/Voedselbank-Maaskantje/example-app/vendor/laravel/framework/src/Illuminate/Log/LogManager.php(128): Illuminate/Log/LogManager->get('single')
#17 C:/Voedselbank-Maaskantje/example-app/vendor/laravel/framework/src/Illuminate/Log/LogManager.php(117): Illuminate/Log/LogManager->driver('single')
#18 C:/Voedselbank-Maaskantje/example-app/vendor/laravel/framework/src/Illuminate/Log/LogManager.php(289): Illuminate/Log/LogManager->channel('single')
#19 [internal function]: Illuminate/Log/LogManager->{closure:Illuminate/Log/LogManager::createStackDriver():286}('single', 0)
#20 C:/Voedselbank-Maaskantje/example-app/vendor/laravel/framework/src/Illuminate/Collections/Arr.php(841): array_map(Object(Closure), Array, Array)
#21 C:/Voedselbank-Maaskantje/example-app/vendor/laravel/framework/src/Illuminate/Collections/Collection.php(826): Illuminate/Support/Arr::map(Array, Object(Closure))
#22 C:/Voedselbank-Maaskantje/example-app/vendor/laravel/framework/src/Illuminate/Collections/Traits/EnumeratesValues.php(466): Illuminate/Support/Collection->map(Object(Closure))
#23 C:/Voedselbank-Maaskantje/example-app/vendor/laravel/framework/src/Illuminate/Log/LogManager.php(286): Illuminate/Support/Collection->flatMap(Object(Closure))
#24 C:/Voedselbank-Maaskantje/example-app/vendor/laravel/framework/src/Illuminate/Log/LogManager.php(235): Illuminate/Log/LogManager->createStackDriver(Array)
#25 C:/Voedselbank-Maaskantje/example-app/vendor/laravel/framework/src/Illuminate/Log/LogManager.php(141): Illuminate/Log/LogManager->resolve('stack', Array)
#26 C:/Voedselbank-Maaskantje/example-app/vendor/laravel/framework/src/Illuminate/Log/LogManager.php(128): Illuminate/Log/LogManager->get('stack')
#27 C:/Voedselbank-Maaskantje/example-app/vendor/laravel/framework/src/Illuminate/Log/LogManager.php(712): Illuminate/Log/LogManager->driver()
#28 C:/Voedselbank-Maaskantje/example-app/vendor/laravel/framework/src/Illuminate/Foundation/Exceptions/Handler.php(404): Illuminate/Log/LogManager->error('Uncaught ErrorE...', Array)
#29 C:/Voedselbank-Maaskantje/example-app/vendor/laravel/framework/src/Illuminate/Foundation/Exceptions/Handler.php(367): Illuminate/Foundation/Exceptions/Handler->reportThrowable(Object(Symfony/Component/ErrorHandler/Error/FatalError))
#30 C:/Voedselbank-Maaskantje/example-app/vendor/nunomaduro/collision/src/Adapters/Laravel/ExceptionHandler.php(47): Illuminate/Foundation/Exceptions/Handler->report(Object(Symfony/Component/ErrorHandler/Error/FatalError))
#31 C:/Voedselbank-Maaskantje/example-app/vendor/laravel/framework/src/Illuminate/Foundation/Bootstrap/HandleExceptions.php(186): NunoMaduro/Collision/Adapters/Laravel/ExceptionHandler->report(Object(Symfony/Component/ErrorHandler/Error/FatalError))
#32 C:/Voedselbank-Maaskantje/example-app/vendor/laravel/framework/src/Illuminate/Foundation/Bootstrap/HandleExceptions.php(234): Illuminate/Foundation/Bootstrap/HandleExceptions->handleException(Object(Symfony/Component/ErrorHandler/Error/FatalError))
#33 C:/Voedselbank-Maaskantje/example-app/vendor/laravel/framework/src/Illuminate/Foundation/Bootstrap/HandleExceptions.php(258): Illuminate/Foundation/Bootstrap/HandleExceptions->handleShutdown()
#34 [internal function]: Illuminate/Foundation/Bootstrap/HandleExceptions->{closure:Illuminate/Foundation/Bootstrap/HandleExceptions::forwardsTo():257}()
#35 {main}
"} 
[2026-04-09 12:34:02] laravel.EMERGENCY: Unable to create configured logger. Using emergency logger. {"exception":"[object] (ErrorException(code: 0): include(C:\\Voedselbank-Maaskantje\\example-app\\vendor\\composer/../laravel/framework/src/Illuminate/Contracts/Log/ContextLogProcessor.php): Failed to open stream: No such file or directory at C:/Voedselbank-Maaskantje/example-app/vendor/composer/ClassLoader.php:576)
[stacktrace]
#0 C:/Voedselbank-Maaskantje/example-app/vendor/laravel/framework/src/Illuminate/Foundation/Bootstrap/HandleExceptions.php(258): Illuminate/Foundation/Bootstrap/HandleExceptions->handleError(2, 'include(C://Voed...', 'C://Voedselbank-...', 576)
#1 C:/Voedselbank-Maaskantje/example-app/vendor/composer/ClassLoader.php(576): Illuminate/Foundation/Bootstrap/HandleExceptions->{closure:Illuminate/Foundation/Bootstrap/HandleExceptions::forwardsTo():257}(2, 'include(C://Voed...', 'C://Voedselbank-...', 576)
#2 C:/Voedselbank-Maaskantje/example-app/vendor/composer/ClassLoader.php(576): include('C://Voedselbank-...')
#3 C:/Voedselbank-Maaskantje/example-app/vendor/composer/ClassLoader.php(427): {closure:Composer/Autoload/ClassLoader::initializeIncludeClosure():575}('C://Voedselbank-...')
#4 C:/Voedselbank-Maaskantje/example-app/vendor/laravel/framework/src/Illuminate/Log/Context/ContextLogProcessor.php(10): Composer/Autoload/ClassLoader->loadClass('Illuminate//Cont...')
#5 C:/Voedselbank-Maaskantje/example-app/vendor/composer/ClassLoader.php(576): include('C://Voedselbank-...')
#6 C:/Voedselbank-Maaskantje/example-app/vendor/composer/ClassLoader.php(427): {closure:Composer/Autoload/ClassLoader::initializeIncludeClosure():575}('C://Voedselbank-...')
#7 C:/Voedselbank-Maaskantje/example-app/vendor/laravel/framework/src/Illuminate/Log/Context/ContextServiceProvider.php(33): Composer/Autoload/ClassLoader->loadClass('Illuminate//Log//...')
#8 C:/Voedselbank-Maaskantje/example-app/vendor/laravel/framework/src/Illuminate/Container/Container.php(1118): Illuminate/Log/Context/ContextServiceProvider->{closure:Illuminate/Log/Context/ContextServiceProvider::register():33}(Object(Illuminate/Foundation/Application), Array)
#9 C:/Voedselbank-Maaskantje/example-app/vendor/laravel/framework/src/Illuminate/Container/Container.php(936): Illuminate/Container/Container->build(Object(Closure))
#10 C:/Voedselbank-Maaskantje/example-app/vendor/laravel/framework/src/Illuminate/Foundation/Application.php(1078): Illuminate/Container/Container->resolve('Illuminate//Cont...', Array, true)
#11 C:/Voedselbank-Maaskantje/example-app/vendor/laravel/framework/src/Illuminate/Container/Container.php(864): Illuminate/Foundation/Application->resolve('Illuminate//Cont...', Array)
#12 C:/Voedselbank-Maaskantje/example-app/vendor/laravel/framework/src/Illuminate/Foundation/Application.php(1058): Illuminate/Container/Container->make('Illuminate//Cont...', Array)
#13 C:/Voedselbank-Maaskantje/example-app/vendor/laravel/framework/src/Illuminate/Log/LogManager.php(148): Illuminate/Foundation/Application->make('Illuminate//Cont...')
#14 C:/Voedselbank-Maaskantje/example-app/vendor/laravel/framework/src/Illuminate/Support/helpers.php(526): Illuminate/Log/LogManager->{closure:Illuminate/Log/LogManager::get():141}(Object(Monolog/Logger))
#15 C:/Voedselbank-Maaskantje/example-app/vendor/laravel/framework/src/Illuminate/Log/LogManager.php(141): with(Object(Monolog/Logger), Object(Closure))
#16 C:/Voedselbank-Maaskantje/example-app/vendor/laravel/framework/src/Illuminate/Log/LogManager.php(128): Illuminate/Log/LogManager->get('stack')
#17 C:/Voedselbank-Maaskantje/example-app/vendor/laravel/framework/src/Illuminate/Log/LogManager.php(712): Illuminate/Log/LogManager->driver()
#18 C:/Voedselbank-Maaskantje/example-app/vendor/laravel/framework/src/Illuminate/Foundation/Exceptions/Handler.php(404): Illuminate/Log/LogManager->error('Uncaught ErrorE...', Array)
#19 C:/Voedselbank-Maaskantje/example-app/vendor/laravel/framework/src/Illuminate/Foundation/Exceptions/Handler.php(367): Illuminate/Foundation/Exceptions/Handler->reportThrowable(Object(Symfony/Component/ErrorHandler/Error/FatalError))
#20 C:/Voedselbank-Maaskantje/example-app/vendor/nunomaduro/collision/src/Adapters/Laravel/ExceptionHandler.php(47): Illuminate/Foundation/Exceptions/Handler->report(Object(Symfony/Component/ErrorHandler/Error/FatalError))
#21 C:/Voedselbank-Maaskantje/example-app/vendor/laravel/framework/src/Illuminate/Foundation/Bootstrap/HandleExceptions.php(186): NunoMaduro/Collision/Adapters/Laravel/ExceptionHandler->report(Object(Symfony/Component/ErrorHandler/Error/FatalError))
#22 C:/Voedselbank-Maaskantje/example-app/vendor/laravel/framework/src/Illuminate/Foundation/Bootstrap/HandleExceptions.php(234): Illuminate/Foundation/Bootstrap/HandleExceptions->handleException(Object(Symfony/Component/ErrorHandler/Error/FatalError))
#23 C:/Voedselbank-Maaskantje/example-app/vendor/laravel/framework/src/Illuminate/Foundation/Bootstrap/HandleExceptions.php(258): Illuminate/Foundation/Bootstrap/HandleExceptions->handleShutdown()
#24 [internal function]: Illuminate/Foundation/Bootstrap/HandleExceptions->{closure:Illuminate/Foundation/Bootstrap/HandleExceptions::forwardsTo():257}()
#25 {main}
"} 
[2026-04-09 12:34:02] laravel.ERROR: Uncaught ErrorException: include(C:\Voedselbank-Maaskantje\example-app\vendor\composer/../filp/whoops/src/Whoops/Handler/Handler.php): Failed to open stream: No such file or directory in C:\Voedselbank-Maaskantje\example-app\vendor\composer\ClassLoader.php:576
Stack trace:
#0 C:\Voedselbank-Maaskantje\example-app\vendor\laravel\framework\src\Illuminate\Foundation\Bootstrap\HandleExceptions.php(258): Illuminate\Foundation\Bootstrap\HandleExceptions->handleError(2, 'include(C:\\Voed...', 'C:\\Voedselbank-...', 576)
#1 C:\Voedselbank-Maaskantje\example-app\vendor\composer\ClassLoader.php(576): Illuminate\Foundation\Bootstrap\HandleExceptions->{closure:Illuminate\Foundation\Bootstrap\HandleExceptions::forwardsTo():257}(2, 'include(C:\\Voed...', 'C:\\Voedselbank-...', 576)
#2 C:\Voedselbank-Maaskantje\example-app\vendor\composer\ClassLoader.php(576): include('C:\\Voedselbank-...')
#3 C:\Voedselbank-Maaskantje\example-app\vendor\composer\ClassLoader.php(427): {closure:Composer\Autoload\ClassLoader::initializeIncludeClosure():575}('C:\\Voedselbank-...')
#4 C:\Voedselbank-Maaskantje\example-app\vendor\nunomaduro\collision\src\Handler.php(16): Composer\Autoload\ClassLoader->loadClass('Whoops\\Handler\\...')
#5 C:\Voedselbank-Maaskantje\example-app\vendor\composer\ClassLoader.php(576): include('C:\\Voedselbank-...')
#6 C:\Voedselbank-Maaskantje\example-app\vendor\composer\ClassLoader.php(427): {closure:Composer\Autoload\ClassLoader::initializeIncludeClosure():575}('C:\\Voedselbank-...')
#7 C:\Voedselbank-Maaskantje\example-app\vendor\nunomaduro\collision\src\Adapters\Laravel\CollisionServiceProvider.php(55): Composer\Autoload\ClassLoader->loadClass('NunoMaduro\\Coll...')
#8 C:\Voedselbank-Maaskantje\example-app\vendor\laravel\framework\src\Illuminate\Container\Container.php(1118): NunoMaduro\Collision\Adapters\Laravel\CollisionServiceProvider->{closure:NunoMaduro\Collision\Adapters\Laravel\CollisionServiceProvider::register():44}(Object(Illuminate\Foundation\Application), Array)
#9 C:\Voedselbank-Maaskantje\example-app\vendor\laravel\framework\src\Illuminate\Container\Container.php(936): Illuminate\Container\Container->build(Object(Closure))
#10 C:\Voedselbank-Maaskantje\example-app\vendor\laravel\framework\src\Illuminate\Foundation\Application.php(1078): Illuminate\Container\Container->resolve('NunoMaduro\\Coll...', Array, true)
#11 C:\Voedselbank-Maaskantje\example-app\vendor\laravel\framework\src\Illuminate\Container\Container.php(864): Illuminate\Foundation\Application->resolve('NunoMaduro\\Coll...', Array)
#12 C:\Voedselbank-Maaskantje\example-app\vendor\laravel\framework\src\Illuminate\Foundation\Application.php(1058): Illuminate\Container\Container->make('NunoMaduro\\Coll...', Array)
#13 C:\Voedselbank-Maaskantje\example-app\vendor\nunomaduro\collision\src\Adapters\Laravel\ExceptionHandler.php(67): Illuminate\Foundation\Application->make('NunoMaduro\\Coll...')
#14 C:\Voedselbank-Maaskantje\example-app\vendor\laravel\framework\src\Illuminate\Foundation\Bootstrap\HandleExceptions.php(210): NunoMaduro\Collision\Adapters\Laravel\ExceptionHandler->renderForConsole(Object(Symfony\Component\Console\Output\ConsoleOutput), Object(ErrorException))
#15 C:\Voedselbank-Maaskantje\example-app\vendor\laravel\framework\src\Illuminate\Foundation\Bootstrap\HandleExceptions.php(192): Illuminate\Foundation\Bootstrap\HandleExceptions->renderForConsole(Object(ErrorException))
#16 C:\Voedselbank-Maaskantje\example-app\vendor\laravel\framework\src\Illuminate\Foundation\Bootstrap\HandleExceptions.php(258): Illuminate\Foundation\Bootstrap\HandleExceptions->handleException(Object(ErrorException))
#17 [internal function]: Illuminate\Foundation\Bootstrap\HandleExceptions->{closure:Illuminate\Foundation\Bootstrap\HandleExceptions::forwardsTo():257}(Object(ErrorException))
#18 {main}
  thrown {"exception":"[object] (Symfony\\Component\\ErrorHandler\\Error\\FatalError(code: 0): Uncaught ErrorException: include(C:\\Voedselbank-Maaskantje\\example-app\\vendor\\composer/../filp/whoops/src/Whoops/Handler/Handler.php): Failed to open stream: No such file or directory in C:\\Voedselbank-Maaskantje\\example-app\\vendor\\composer\\ClassLoader.php:576
Stack trace:
#0 C:\\Voedselbank-Maaskantje\\example-app\\vendor\\laravel\\framework\\src\\Illuminate\\Foundation\\Bootstrap\\HandleExceptions.php(258): Illuminate\\Foundation\\Bootstrap\\HandleExceptions->handleError(2, 'include(C:\\\\Voed...', 'C:\\\\Voedselbank-...', 576)
#1 C:\\Voedselbank-Maaskantje\\example-app\\vendor\\composer\\ClassLoader.php(576): Illuminate\\Foundation\\Bootstrap\\HandleExceptions->{closure:Illuminate\\Foundation\\Bootstrap\\HandleExceptions::forwardsTo():257}(2, 'include(C:\\\\Voed...', 'C:\\\\Voedselbank-...', 576)
#2 C:\\Voedselbank-Maaskantje\\example-app\\vendor\\composer\\ClassLoader.php(576): include('C:\\\\Voedselbank-...')
#3 C:\\Voedselbank-Maaskantje\\example-app\\vendor\\composer\\ClassLoader.php(427): {closure:Composer\\Autoload\\ClassLoader::initializeIncludeClosure():575}('C:\\\\Voedselbank-...')
#4 C:\\Voedselbank-Maaskantje\\example-app\\vendor\\nunomaduro\\collision\\src\\Handler.php(16): Composer\\Autoload\\ClassLoader->loadClass('Whoops\\\\Handler\\\\...')
#5 C:\\Voedselbank-Maaskantje\\example-app\\vendor\\composer\\ClassLoader.php(576): include('C:\\\\Voedselbank-...')
#6 C:\\Voedselbank-Maaskantje\\example-app\\vendor\\composer\\ClassLoader.php(427): {closure:Composer\\Autoload\\ClassLoader::initializeIncludeClosure():575}('C:\\\\Voedselbank-...')
#7 C:\\Voedselbank-Maaskantje\\example-app\\vendor\\nunomaduro\\collision\\src\\Adapters\\Laravel\\CollisionServiceProvider.php(55): Composer\\Autoload\\ClassLoader->loadClass('NunoMaduro\\\\Coll...')
#8 C:\\Voedselbank-Maaskantje\\example-app\\vendor\\laravel\\framework\\src\\Illuminate\\Container\\Container.php(1118): NunoMaduro\\Collision\\Adapters\\Laravel\\CollisionServiceProvider->{closure:NunoMaduro\\Collision\\Adapters\\Laravel\\CollisionServiceProvider::register():44}(Object(Illuminate\\Foundation\\Application), Array)
#9 C:\\Voedselbank-Maaskantje\\example-app\\vendor\\laravel\\framework\\src\\Illuminate\\Container\\Container.php(936): Illuminate\\Container\\Container->build(Object(Closure))
#10 C:\\Voedselbank-Maaskantje\\example-app\\vendor\\laravel\\framework\\src\\Illuminate\\Foundation\\Application.php(1078): Illuminate\\Container\\Container->resolve('NunoMaduro\\\\Coll...', Array, true)
#11 C:\\Voedselbank-Maaskantje\\example-app\\vendor\\laravel\\framework\\src\\Illuminate\\Container\\Container.php(864): Illuminate\\Foundation\\Application->resolve('NunoMaduro\\\\Coll...', Array)
#12 C:\\Voedselbank-Maaskantje\\example-app\\vendor\\laravel\\framework\\src\\Illuminate\\Foundation\\Application.php(1058): Illuminate\\Container\\Container->make('NunoMaduro\\\\Coll...', Array)
#13 C:\\Voedselbank-Maaskantje\\example-app\\vendor\\nunomaduro\\collision\\src\\Adapters\\Laravel\\ExceptionHandler.php(67): Illuminate\\Foundation\\Application->make('NunoMaduro\\\\Coll...')
#14 C:\\Voedselbank-Maaskantje\\example-app\\vendor\\laravel\\framework\\src\\Illuminate\\Foundation\\Bootstrap\\HandleExceptions.php(210): NunoMaduro\\Collision\\Adapters\\Laravel\\ExceptionHandler->renderForConsole(Object(Symfony\\Component\\Console\\Output\\ConsoleOutput), Object(ErrorException))
#15 C:\\Voedselbank-Maaskantje\\example-app\\vendor\\laravel\\framework\\src\\Illuminate\\Foundation\\Bootstrap\\HandleExceptions.php(192): Illuminate\\Foundation\\Bootstrap\\HandleExceptions->renderForConsole(Object(ErrorException))
#16 C:\\Voedselbank-Maaskantje\\example-app\\vendor\\laravel\\framework\\src\\Illuminate\\Foundation\\Bootstrap\\HandleExceptions.php(258): Illuminate\\Foundation\\Bootstrap\\HandleExceptions->handleException(Object(ErrorException))
#17 [internal function]: Illuminate\\Foundation\\Bootstrap\\HandleExceptions->{closure:Illuminate\\Foundation\\Bootstrap\\HandleExceptions::forwardsTo():257}(Object(ErrorException))
#18 {main}
  thrown at C:/Voedselbank-Maaskantje/example-app/vendor/composer/ClassLoader.php:576)
[stacktrace]
#0 {main}
"} 
